// Jest Snapshot v1, https://goo.gl/fbAQLP

exports[`renders correctly without crashing 1`] = `
<div
  id="leftpanel"
>
  <div
    className="panel-body"
  >
    <ContainerDimensions>
      <Component />
    </ContainerDimensions>
  </div>
  <div
    id="chat-input"
  >
    <UserRequestToAlexaForm
      onChange={[Function]}
      onSubmit={[Function]}
      value=""
    />
  </div>
</div>
`;
