// Jest Snapshot v1, https://goo.gl/fbAQLP

exports[`renders Body when AuthenticationInfo is not present 1`] = `<WelcomeScreen />`;

exports[`renders Body when AuthenticationInfo is present 1`] = `
Array [
  <MuiThemeProvider
    key="muiThemeProvider"
/>,
  <RightPanel
    key="rightPanel"
/>,
]
`;
