// Jest Snapshot v1, https://goo.gl/fbAQLP

exports[`renders Footer without crashing 1`] = `
<div
  id="footer"
>
  <div
    id="footer-info"
  >
    <span>
      Footer Info Bar
    </span>
    <span>
       That Collapses
    </span>
  </div>
  <div
    id="footer-controls"
  >
    <a
      href="http://example.com"
    >
      Clickable
    </a>
    <a
      href="http://example.com"
    >
      icons
    </a>
    <a
      href="http://example.com"
    >
      and
    </a>
    <a
      href="http://example.com"
    >
      links
    </a>
    <a
      href="http://example.com"
    >
      can
    </a>
    <a
      href="http://example.com"
    >
      go
    </a>
    <a
      href="http://example.com"
    >
      here
    </a>
  </div>
</div>
`;
