// Jest Snapshot v1, https://goo.gl/fbAQLP

exports[`renders Header without crashing 1`] = `
<div
  id="header"
>
  <div
    id="header-info"
  >
    <MuiThemeProvider>
      <AppBar
        className="app-bar"
        iconElementRight={<LoginControl />}
        showMenuIconButton={false}
        title="Silent Alexa (Under Construction)"
        zDepth={1}
      />
    </MuiThemeProvider>
  </div>
</div>
`;
