// Jest Snapshot v1, https://goo.gl/fbAQLP

exports[`renders correctly without crashing 1`] = `
<div
  id="page"
>
  <Routes
    updateAuthenticationInfo={[Function]}
  />
  <Header
    clearAuthenticationInfo={[Function]}
    isAuthenticationInfoValid={[Function]}
  />
  <Body
    clearAuthenticationInfo={[Function]}
    isAuthenticationInfoValid={[Function]}
  />
  <Footer />
</div>
`;
