// Jest Snapshot v1, https://goo.gl/fbAQLP

exports[`renders Body when isAuthenticationInfoValid returns false 1`] = `<WelcomeBody />`;

exports[`renders Body when isAuthenticationInfoValid returns true 1`] = `
Array [
  <MuiThemeProvider
    key="muiThemeProvider"
/>,
  <RightPanel
    key="rightPanel"
/>,
]
`;
