// Jest Snapshot v1, https://goo.gl/fbAQLP

exports[`renders Header without crashing 1`] = `
<div
  id="header"
>
  <div
    id="header-info"
  >
    <span>
      Silent Alexa Header
    </span>
  </div>
  <div
    id="header-controls"
  >
    <LoginControl
      clearAuthenticationInfo={[Function]}
      isAuthenticationInfoValid={[Function]}
      updateAuthenticationInfo={[Function]}
    />
  </div>
</div>
`;
